0 verbose cli /nix/store/0kh1y9df3ipxa8b3gkwghzjwwn07y23n-nodejs-20.19.5/bin/node /nix/store/0kh1y9df3ipxa8b3gkwghzjwwn07y23n-nodejs-20.19.5/bin/npm
1 info using npm@10.8.2
2 info using node@v20.19.5
3 silly config load:file:/nix/store/0kh1y9df3ipxa8b3gkwghzjwwn07y23n-nodejs-20.19.5/lib/node_modules/npm/npmrc
4 silly config load:file:/home/orta/Documentos/GitHub/Calculadora de IVAs e ISRs/.npmrc
5 silly config load:file:/home/orta/.npmrc
6 silly config load:file:/nix/store/0kh1y9df3ipxa8b3gkwghzjwwn07y23n-nodejs-20.19.5/etc/npmrc
7 verbose title npm install next@latest react@latest react-dom@latest typescript@latest
8 verbose argv "install" "next@latest" "react@latest" "react-dom@latest" "typescript@latest"
9 verbose logfile logs-max:10 dir:/home/orta/Documentos/GitHub/Calculadora de IVAs e ISRs/.npm-cache/_logs/2025-10-12T17_41_22_823Z-
10 verbose logfile /home/orta/Documentos/GitHub/Calculadora de IVAs e ISRs/.npm-cache/_logs/2025-10-12T17_41_22_823Z-debug-0.log
11 silly packumentCache heap:2197815296 maxSize:549453824 maxEntrySize:274726912
12 silly logfile done cleaning log files
13 silly packumentCache corgi:https://registry.npmjs.org/next cache-miss
14 silly packumentCache corgi:https://registry.npmjs.org/react cache-miss
15 silly packumentCache corgi:https://registry.npmjs.org/react-dom cache-miss
16 silly packumentCache corgi:https://registry.npmjs.org/typescript cache-miss
17 http fetch GET 200 https://registry.npmjs.org/react-dom 678ms (cache miss)
18 silly packumentCache corgi:https://registry.npmjs.org/react-dom set size:undefined disposed:false
19 http fetch GET 200 https://registry.npmjs.org/typescript 762ms (cache miss)
20 silly packumentCache corgi:https://registry.npmjs.org/typescript set size:undefined disposed:false
21 http fetch GET 200 https://registry.npmjs.org/react 845ms (cache miss)
22 silly packumentCache corgi:https://registry.npmjs.org/react set size:undefined disposed:false
23 http fetch GET 200 https://registry.npmjs.org/next 1238ms (cache miss)
24 silly packumentCache corgi:https://registry.npmjs.org/next set size:undefined disposed:false
25 silly idealTree buildDeps
26 silly fetch manifest react@19.2.0
27 silly packumentCache full:https://registry.npmjs.org/react cache-miss
28 http fetch GET 200 https://registry.npmjs.org/react 17ms (cache hit)
29 silly packumentCache full:https://registry.npmjs.org/react set size:6153488 disposed:false
30 silly fetch manifest react-dom@19.2.0
31 silly packumentCache full:https://registry.npmjs.org/react-dom cache-miss
32 http fetch GET 200 https://registry.npmjs.org/react-dom 18ms (cache hit)
33 silly packumentCache full:https://registry.npmjs.org/react-dom set size:8016632 disposed:false
34 silly fetch manifest next@15.5.4
35 silly packumentCache full:https://registry.npmjs.org/next cache-miss
36 http fetch GET 200 https://registry.npmjs.org/next 51ms (cache hit)
37 silly packumentCache full:https://registry.npmjs.org/next set size:26959670 disposed:false
38 silly fetch manifest @opentelemetry/api@^1.1.0
39 silly packumentCache full:https://registry.npmjs.org/@opentelemetry%2fapi cache-miss
40 http fetch GET 200 https://registry.npmjs.org/@opentelemetry%2fapi 5ms (cache hit)
41 silly packumentCache full:https://registry.npmjs.org/@opentelemetry%2fapi set size:455567 disposed:false
42 silly fetch manifest @playwright/test@^1.51.1
43 silly packumentCache full:https://registry.npmjs.org/@playwright%2ftest cache-miss
44 http fetch GET 200 https://registry.npmjs.org/@playwright%2ftest 30ms (cache hit)
45 silly packumentCache full:https://registry.npmjs.org/@playwright%2ftest set size:8350133 disposed:false
46 silly fetch manifest babel-plugin-react-compiler@*
47 silly packumentCache full:https://registry.npmjs.org/babel-plugin-react-compiler cache-miss
48 http fetch GET 200 https://registry.npmjs.org/babel-plugin-react-compiler 8ms (cache hit)
49 silly packumentCache full:https://registry.npmjs.org/babel-plugin-react-compiler set size:1045358 disposed:false
50 silly fetch manifest sass@^1.3.0
51 silly packumentCache full:https://registry.npmjs.org/sass cache-miss
52 http fetch GET 200 https://registry.npmjs.org/sass 6ms (cache hit)
53 silly packumentCache full:https://registry.npmjs.org/sass set size:697197 disposed:false
54 silly fetch manifest typescript@5.9.3
55 silly packumentCache full:https://registry.npmjs.org/typescript cache-miss
56 http fetch GET 200 https://registry.npmjs.org/typescript 51ms (cache hit)
57 silly packumentCache full:https://registry.npmjs.org/typescript set size:14773250 disposed:false
58 silly placeDep ROOT next@15.5.4 REPLACE for: mi-app@0.1.0 want: 15.5.4
59 silly placeDep ROOT react@19.2.0 REPLACE for: mi-app@0.1.0 want: 19.2.0
60 silly placeDep ROOT react-dom@19.2.0 REPLACE for: mi-app@0.1.0 want: 19.2.0
61 silly placeDep ROOT typescript@5.9.3 REPLACE for: mi-app@0.1.0 want: 5.9.3
62 silly fetch manifest scheduler@^0.27.0
63 silly packumentCache full:https://registry.npmjs.org/scheduler cache-miss
64 http fetch GET 200 https://registry.npmjs.org/scheduler 11ms (cache hit)
65 silly packumentCache full:https://registry.npmjs.org/scheduler set size:5144820 disposed:false
66 silly placeDep ROOT scheduler@0.27.0 OK for: react-dom@19.2.0 want: ^0.27.0
67 silly reify mark retired [
67 silly reify   '/home/orta/Documentos/GitHub/Calculadora de IVAs e ISRs/node_modules/react'
67 silly reify ]
68 silly reify mark retired [
68 silly reify   '/home/orta/Documentos/GitHub/Calculadora de IVAs e ISRs/node_modules/react-dom'
68 silly reify ]
69 silly reify mark retired [
69 silly reify   '/home/orta/Documentos/GitHub/Calculadora de IVAs e ISRs/node_modules/scheduler'
69 silly reify ]
70 silly reify moves {
70 silly reify   '/home/orta/Documentos/GitHub/Calculadora de IVAs e ISRs/node_modules/react': '/home/orta/Documentos/GitHub/Calculadora de IVAs e ISRs/node_modules/.react-qwgnt62J',
70 silly reify   '/home/orta/Documentos/GitHub/Calculadora de IVAs e ISRs/node_modules/react-dom': '/home/orta/Documentos/GitHub/Calculadora de IVAs e ISRs/node_modules/.react-dom-kUEY8EZ1',
70 silly reify   '/home/orta/Documentos/GitHub/Calculadora de IVAs e ISRs/node_modules/scheduler': '/home/orta/Documentos/GitHub/Calculadora de IVAs e ISRs/node_modules/.scheduler-bKM1hiww'
70 silly reify }
71 verbose reify failed optional dependency /home/orta/Documentos/GitHub/Calculadora de IVAs e ISRs/node_modules/@tailwindcss/oxide-wasm32-wasi
72 silly reify mark deleted [
72 silly reify   '/home/orta/Documentos/GitHub/Calculadora de IVAs e ISRs/node_modules/@tailwindcss/oxide-wasm32-wasi'
72 silly reify ]
73 silly audit bulk request {
73 silly audit   '@alloc/quick-lru': [ '5.2.0' ],
73 silly audit   '@emnapi/core': [ '1.5.0' ],
73 silly audit   '@emnapi/runtime': [ '1.5.0' ],
73 silly audit   '@emnapi/wasi-threads': [ '1.1.0' ],
73 silly audit   '@eslint-community/eslint-utils': [ '4.9.0' ],
73 silly audit   'eslint-visitor-keys': [ '3.4.3', '4.2.1' ],
73 silly audit   '@eslint-community/regexpp': [ '4.12.1' ],
73 silly audit   '@eslint/config-array': [ '0.21.0' ],
73 silly audit   '@eslint/config-helpers': [ '0.4.0' ],
73 silly audit   '@eslint/core': [ '0.16.0' ],
73 silly audit   '@eslint/eslintrc': [ '3.3.1' ],
73 silly audit   '@eslint/js': [ '9.37.0' ],
73 silly audit   '@eslint/object-schema': [ '2.1.6' ],
73 silly audit   '@eslint/plugin-kit': [ '0.4.0' ],
73 silly audit   '@humanfs/core': [ '0.19.1' ],
73 silly audit   '@humanfs/node': [ '0.16.7' ],
73 silly audit   '@humanwhocodes/module-importer': [ '1.0.1' ],
73 silly audit   '@humanwhocodes/retry': [ '0.4.3' ],
73 silly audit   '@img/colour': [ '1.0.0' ],
73 silly audit   '@img/sharp-darwin-arm64': [ '0.34.4' ],
73 silly audit   '@img/sharp-darwin-x64': [ '0.34.4' ],
73 silly audit   '@img/sharp-libvips-darwin-arm64': [ '1.2.3' ],
73 silly audit   '@img/sharp-libvips-darwin-x64': [ '1.2.3' ],
73 silly audit   '@img/sharp-libvips-linux-arm': [ '1.2.3' ],
73 silly audit   '@img/sharp-libvips-linux-arm64': [ '1.2.3' ],
73 silly audit   '@img/sharp-libvips-linux-ppc64': [ '1.2.3' ],
73 silly audit   '@img/sharp-libvips-linux-s390x': [ '1.2.3' ],
73 silly audit   '@img/sharp-libvips-linux-x64': [ '1.2.3' ],
73 silly audit   '@img/sharp-libvips-linuxmusl-arm64': [ '1.2.3' ],
73 silly audit   '@img/sharp-libvips-linuxmusl-x64': [ '1.2.3' ],
73 silly audit   '@img/sharp-linux-arm': [ '0.34.4' ],
73 silly audit   '@img/sharp-linux-arm64': [ '0.34.4' ],
73 silly audit   '@img/sharp-linux-ppc64': [ '0.34.4' ],
73 silly audit   '@img/sharp-linux-s390x': [ '0.34.4' ],
73 silly audit   '@img/sharp-linux-x64': [ '0.34.4' ],
73 silly audit   '@img/sharp-linuxmusl-arm64': [ '0.34.4' ],
73 silly audit   '@img/sharp-linuxmusl-x64': [ '0.34.4' ],
73 silly audit   '@img/sharp-wasm32': [ '0.34.4' ],
73 silly audit   '@img/sharp-win32-arm64': [ '0.34.4' ],
73 silly audit   '@img/sharp-win32-ia32': [ '0.34.4' ],
73 silly audit   '@img/sharp-win32-x64': [ '0.34.4' ],
73 silly audit   '@isaacs/fs-minipass': [ '4.0.1' ],
73 silly audit   '@jridgewell/gen-mapping': [ '0.3.13' ],
73 silly audit   '@jridgewell/remapping': [ '2.3.5' ],
73 silly audit   '@jridgewell/resolve-uri': [ '3.1.2' ],
73 silly audit   '@jridgewell/sourcemap-codec': [ '1.5.5' ],
73 silly audit   '@jridgewell/trace-mapping': [ '0.3.31' ],
73 silly audit   '@napi-rs/wasm-runtime': [ '0.2.12' ],
73 silly audit   '@next/env': [ '15.5.4' ],
73 silly audit   '@next/eslint-plugin-next': [ '15.5.4' ],
73 silly audit   '@next/swc-darwin-arm64': [ '15.5.4' ],
73 silly audit   '@next/swc-darwin-x64': [ '15.5.4' ],
73 silly audit   '@next/swc-linux-arm64-gnu': [ '15.5.4' ],
73 silly audit   '@next/swc-linux-arm64-musl': [ '15.5.4' ],
73 silly audit   '@next/swc-linux-x64-gnu': [ '15.5.4' ],
73 silly audit   '@next/swc-linux-x64-musl': [ '15.5.4' ],
73 silly audit   '@next/swc-win32-arm64-msvc': [ '15.5.4' ],
73 silly audit   '@next/swc-win32-x64-msvc': [ '15.5.4' ],
73 silly audit   '@nodelib/fs.scandir': [ '2.1.5' ],
73 silly audit   '@nodelib/fs.stat': [ '2.0.5' ],
73 silly audit   '@nodelib/fs.walk': [ '1.2.8' ],
73 silly audit   '@nolyfill/is-core-module': [ '1.0.39' ],
73 silly audit   '@rtsao/scc': [ '1.1.0' ],
73 silly audit   '@rushstack/eslint-patch': [ '1.13.0' ],
73 silly audit   '@swc/helpers': [ '0.5.15' ],
73 silly audit   '@tailwindcss/node': [ '4.1.14' ],
73 silly audit   '@tailwindcss/oxide': [ '4.1.14' ],
73 silly audit   '@tailwindcss/oxide-android-arm64': [ '4.1.14' ],
73 silly audit   '@tailwindcss/oxide-darwin-arm64': [ '4.1.14' ],
73 silly audit   '@tailwindcss/oxide-darwin-x64': [ '4.1.14' ],
73 silly audit   '@tailwindcss/oxide-freebsd-x64': [ '4.1.14' ],
73 silly audit   '@tailwindcss/oxide-linux-arm-gnueabihf': [ '4.1.14' ],
73 silly audit   '@tailwindcss/oxide-linux-arm64-gnu': [ '4.1.14' ],
73 silly audit   '@tailwindcss/oxide-linux-arm64-musl': [ '4.1.14' ],
73 silly audit   '@tailwindcss/oxide-linux-x64-gnu': [ '4.1.14' ],
73 silly audit   '@tailwindcss/oxide-linux-x64-musl': [ '4.1.14' ],
73 silly audit   '@tailwindcss/oxide-win32-arm64-msvc': [ '4.1.14' ],
73 silly audit   '@tailwindcss/oxide-win32-x64-msvc': [ '4.1.14' ],
73 silly audit   '@tailwindcss/postcss': [ '4.1.14' ],
73 silly audit   '@tybys/wasm-util': [ '0.10.1' ],
73 silly audit   '@types/estree': [ '1.0.8' ],
73 silly audit   '@types/json-schema': [ '7.0.15' ],
73 silly audit   '@types/json5': [ '0.0.29' ],
73 silly audit   '@types/node': [ '20.19.21' ],
73 silly audit   '@types/react': [ '19.2.2' ],
73 silly audit   '@types/react-dom': [ '19.2.1' ],
73 silly audit   '@typescript-eslint/eslint-plugin': [ '8.46.0' ],
73 silly audit   ignore: [ '7.0.5', '5.3.2' ],
73 silly audit   '@typescript-eslint/parser': [ '8.46.0' ],
73 silly audit   '@typescript-eslint/project-service': [ '8.46.0' ],
73 silly audit   '@typescript-eslint/scope-manager': [ '8.46.0' ],
73 silly audit   '@typescript-eslint/tsconfig-utils': [ '8.46.0' ],
73 silly audit   '@typescript-eslint/type-utils': [ '8.46.0' ],
73 silly audit   '@typescript-eslint/types': [ '8.46.0' ],
73 silly audit   '@typescript-eslint/typescript-estree': [ '8.46.0' ],
73 silly audit   'brace-expansion': [ '2.0.2', '1.1.12' ],
73 silly audit   'fast-glob': [ '3.3.3', '3.3.1' ],
73 silly audit   'glob-parent': [ '5.1.2', '6.0.2' ],
73 silly audit   minimatch: [ '9.0.5', '3.1.2' ],
73 silly audit   '@typescript-eslint/utils': [ '8.46.0' ],
73 silly audit   '@typescript-eslint/visitor-keys': [ '8.46.0' ],
73 silly audit   '@unrs/resolver-binding-android-arm-eabi': [ '1.11.1' ],
73 silly audit   '@unrs/resolver-binding-android-arm64': [ '1.11.1' ],
73 silly audit   '@unrs/resolver-binding-darwin-arm64': [ '1.11.1' ],
73 silly audit   '@unrs/resolver-binding-darwin-x64': [ '1.11.1' ],
73 silly audit   '@unrs/resolver-binding-freebsd-x64': [ '1.11.1' ],
73 silly audit   '@unrs/resolver-binding-linux-arm-gnueabihf': [ '1.11.1' ],
73 silly audit   '@unrs/resolver-binding-linux-arm-musleabihf': [ '1.11.1' ],
73 silly audit   '@unrs/resolver-binding-linux-arm64-gnu': [ '1.11.1' ],
73 silly audit   '@unrs/resolver-binding-linux-arm64-musl': [ '1.11.1' ],
73 silly audit   '@unrs/resolver-binding-linux-ppc64-gnu': [ '1.11.1' ],
73 silly audit   '@unrs/resolver-binding-linux-riscv64-gnu': [ '1.11.1' ],
73 silly audit   '@unrs/resolver-binding-linux-riscv64-musl': [ '1.11.1' ],
73 silly audit   '@unrs/resolver-binding-linux-s390x-gnu': [ '1.11.1' ],
73 silly audit   '@unrs/resolver-binding-linux-x64-gnu': [ '1.11.1' ],
73 silly audit   '@unrs/resolver-binding-linux-x64-musl': [ '1.11.1' ],
73 silly audit   '@unrs/resolver-binding-wasm32-wasi': [ '1.11.1' ],
73 silly audit   '@unrs/resolver-binding-win32-arm64-msvc': [ '1.11.1' ],
73 silly audit   '@unrs/resolver-binding-win32-ia32-msvc': [ '1.11.1' ],
73 silly audit   '@unrs/resolver-binding-win32-x64-msvc': [ '1.11.1' ],
73 silly audit   acorn: [ '8.15.0' ],
73 silly audit   'acorn-jsx': [ '5.3.2' ],
73 silly audit   ajv: [ '6.12.6' ],
73 silly audit   'ansi-styles': [ '4.3.0' ],
73 silly audit   argparse: [ '2.0.1' ],
73 silly audit   'aria-query': [ '5.3.2' ],
73 silly audit   'array-buffer-byte-length': [ '1.0.2' ],
73 silly audit   'array-includes': [ '3.1.9' ],
73 silly audit   'array.prototype.findlast': [ '1.2.5' ],
73 silly audit   'array.prototype.findlastindex': [ '1.2.6' ],
73 silly audit   'array.prototype.flat': [ '1.3.3' ],
73 silly audit   'array.prototype.flatmap': [ '1.3.3' ],
73 silly audit   'array.prototype.tosorted': [ '1.1.4' ],
73 silly audit   'arraybuffer.prototype.slice': [ '1.0.4' ],
73 silly audit   'ast-types-flow': [ '0.0.8' ],
73 silly audit   'async-function': [ '1.0.0' ],
73 silly audit   'available-typed-arrays': [ '1.0.7' ],
73 silly audit   'axe-core': [ '4.11.0' ],
73 silly audit   'axobject-query': [ '4.1.0' ],
73 silly audit   'balanced-match': [ '1.0.2' ],
73 silly audit   braces: [ '3.0.3' ],
73 silly audit   'call-bind': [ '1.0.8' ],
73 silly audit   'call-bind-apply-helpers': [ '1.0.2' ],
73 silly audit   'call-bound': [ '1.0.4' ],
73 silly audit   callsites: [ '3.1.0' ],
73 silly audit   'caniuse-lite': [ '1.0.30001750' ],
73 silly audit   chalk: [ '4.1.2' ],
73 silly audit   chownr: [ '3.0.0' ],
73 silly audit   'client-only': [ '0.0.1' ],
73 silly audit   'color-convert': [ '2.0.1' ],
73 silly audit   'color-name': [ '1.1.4' ],
73 silly audit   'concat-map': [ '0.0.1' ],
73 silly audit   'cross-spawn': [ '7.0.6' ],
73 silly audit   csstype: [ '3.1.3' ],
73 silly audit   'damerau-levenshtein': [ '1.0.8' ],
73 silly audit   'data-view-buffer': [ '1.0.2' ],
73 silly audit   'data-view-byte-length': [ '1.0.2' ],
73 silly audit   'data-view-byte-offset': [ '1.0.1' ],
73 silly audit   debug: [ '4.4.3', '3.2.7' ],
73 silly audit   'deep-is': [ '0.1.4' ],
73 silly audit   'define-data-property': [ '1.1.4' ],
73 silly audit   'define-properties': [ '1.2.1' ],
73 silly audit   'detect-libc': [ '2.1.2' ],
73 silly audit   doctrine: [ '2.1.0' ],
73 silly audit   'dunder-proto': [ '1.0.1' ],
73 silly audit   'emoji-regex': [ '9.2.2' ],
73 silly audit   'enhanced-resolve': [ '5.18.3' ],
73 silly audit   'es-abstract': [ '1.24.0' ],
73 silly audit   'es-define-property': [ '1.0.1' ],
73 silly audit   'es-errors': [ '1.3.0' ],
73 silly audit   'es-iterator-helpers': [ '1.2.1' ],
73 silly audit   'es-object-atoms': [ '1.1.1' ],
73 silly audit   'es-set-tostringtag': [ '2.1.0' ],
73 silly audit   'es-shim-unscopables': [ '1.1.0' ],
73 silly audit   'es-to-primitive': [ '1.3.0' ],
73 silly audit   'escape-string-regexp': [ '4.0.0' ],
73 silly audit   eslint: [ '9.37.0' ],
73 silly audit   'eslint-config-next': [ '15.5.4' ],
73 silly audit   'eslint-import-resolver-node': [ '0.3.9' ],
73 silly audit   'eslint-import-resolver-typescript': [ '3.10.1' ],
73 silly audit   'eslint-module-utils': [ '2.12.1' ],
73 silly audit   'eslint-plugin-import': [ '2.32.0' ],
73 silly audit   semver: [ '6.3.1', '7.7.3' ],
73 silly audit   'eslint-plugin-jsx-a11y': [ '6.10.2' ],
73 silly audit   'eslint-plugin-react': [ '7.37.5' ],
73 silly audit   'eslint-plugin-react-hooks': [ '5.2.0' ],
73 silly audit   resolve: [ '2.0.0-next.5', '1.22.10' ],
73 silly audit   'eslint-scope': [ '8.4.0' ],
73 silly audit   espree: [ '10.4.0' ],
73 silly audit   esquery: [ '1.6.0' ],
73 silly audit   esrecurse: [ '4.3.0' ],
73 silly audit   estraverse: [ '5.3.0' ],
73 silly audit   esutils: [ '2.0.3' ],
73 silly audit   'fast-deep-equal': [ '3.1.3' ],
73 silly audit   'fast-json-stable-stringify': [ '2.1.0' ],
73 silly audit   'fast-levenshtein': [ '2.0.6' ],
73 silly audit   fastq: [ '1.19.1' ],
73 silly audit   'file-entry-cache': [ '8.0.0' ],
73 silly audit   'fill-range': [ '7.1.1' ],
73 silly audit   'find-up': [ '5.0.0' ],
73 silly audit   'flat-cache': [ '4.0.1' ],
73 silly audit   flatted: [ '3.3.3' ],
73 silly audit   'for-each': [ '0.3.5' ],
73 silly audit   'function-bind': [ '1.1.2' ],
73 silly audit   'function.prototype.name': [ '1.1.8' ],
73 silly audit   'functions-have-names': [ '1.2.3' ],
73 silly audit   'generator-function': [ '2.0.1' ],
73 silly audit   'get-intrinsic': [ '1.3.0' ],
73 silly audit   'get-proto': [ '1.0.1' ],
73 silly audit   'get-symbol-description': [ '1.1.0' ],
73 silly audit   'get-tsconfig': [ '4.12.0' ],
73 silly audit   globals: [ '14.0.0' ],
73 silly audit   globalthis: [ '1.0.4' ],
73 silly audit   gopd: [ '1.2.0' ],
73 silly audit   'graceful-fs': [ '4.2.11' ],
73 silly audit   graphemer: [ '1.4.0' ],
73 silly audit   'has-bigints': [ '1.1.0' ],
73 silly audit   'has-flag': [ '4.0.0' ],
73 silly audit   'has-property-descriptors': [ '1.0.2' ],
73 silly audit   'has-proto': [ '1.2.0' ],
73 silly audit   'has-symbols': [ '1.1.0' ],
73 silly audit   'has-tostringtag': [ '1.0.2' ],
73 silly audit   hasown: [ '2.0.2' ],
73 silly audit   'import-fresh': [ '3.3.1' ],
73 silly audit   imurmurhash: [ '0.1.4' ],
73 silly audit   'internal-slot': [ '1.1.0' ],
73 silly audit   'is-array-buffer': [ '3.0.5' ],
73 silly audit   'is-async-function': [ '2.1.1' ],
73 silly audit   'is-bigint': [ '1.1.0' ],
73 silly audit   'is-boolean-object': [ '1.2.2' ],
73 silly audit   'is-bun-module': [ '2.0.0' ],
73 silly audit   'is-callable': [ '1.2.7' ],
73 silly audit   'is-core-module': [ '2.16.1' ],
73 silly audit   'is-data-view': [ '1.0.2' ],
73 silly audit   'is-date-object': [ '1.1.0' ],
73 silly audit   'is-extglob': [ '2.1.1' ],
73 silly audit   'is-finalizationregistry': [ '1.1.1' ],
73 silly audit   'is-generator-function': [ '1.1.2' ],
73 silly audit   'is-glob': [ '4.0.3' ],
73 silly audit   'is-map': [ '2.0.3' ],
73 silly audit   'is-negative-zero': [ '2.0.3' ],
73 silly audit   'is-number': [ '7.0.0' ],
73 silly audit   'is-number-object': [ '1.1.1' ],
73 silly audit   'is-regex': [ '1.2.1' ],
73 silly audit   'is-set': [ '2.0.3' ],
73 silly audit   'is-shared-array-buffer': [ '1.0.4' ],
73 silly audit   'is-string': [ '1.1.1' ],
73 silly audit   'is-symbol': [ '1.1.1' ],
73 silly audit   'is-typed-array': [ '1.1.15' ],
73 silly audit   'is-weakmap': [ '2.0.2' ],
73 silly audit   'is-weakref': [ '1.1.1' ],
73 silly audit   'is-weakset': [ '2.0.4' ],
73 silly audit   isarray: [ '2.0.5' ],
73 silly audit   isexe: [ '2.0.0' ],
73 silly audit   'iterator.prototype': [ '1.1.5' ],
73 silly audit   jiti: [ '2.6.1' ],
73 silly audit   'js-tokens': [ '4.0.0' ],
73 silly audit   'js-yaml': [ '4.1.0' ],
73 silly audit   'json-buffer': [ '3.0.1' ],
73 silly audit   'json-schema-traverse': [ '0.4.1' ],
73 silly audit   'json-stable-stringify-without-jsonify': [ '1.0.1' ],
73 silly audit   json5: [ '1.0.2' ],
73 silly audit   'jsx-ast-utils': [ '3.3.5' ],
73 silly audit   keyv: [ '4.5.4' ],
73 silly audit   'language-subtag-registry': [ '0.3.23' ],
73 silly audit   'language-tags': [ '1.0.9' ],
73 silly audit   levn: [ '0.4.1' ],
73 silly audit   lightningcss: [ '1.30.1' ],
73 silly audit   'lightningcss-darwin-arm64': [ '1.30.1' ],
73 silly audit   'lightningcss-darwin-x64': [ '1.30.1' ],
73 silly audit   'lightningcss-freebsd-x64': [ '1.30.1' ],
73 silly audit   'lightningcss-linux-arm-gnueabihf': [ '1.30.1' ],
73 silly audit   'lightningcss-linux-arm64-gnu': [ '1.30.1' ],
73 silly audit   'lightningcss-linux-arm64-musl': [ '1.30.1' ],
73 silly audit   'lightningcss-linux-x64-gnu': [ '1.30.1' ],
73 silly audit   'lightningcss-linux-x64-musl': [ '1.30.1' ],
73 silly audit   'lightningcss-win32-arm64-msvc': [ '1.30.1' ],
73 silly audit   'lightningcss-win32-x64-msvc': [ '1.30.1' ],
73 silly audit   'locate-path': [ '6.0.0' ],
73 silly audit   'lodash.merge': [ '4.6.2' ],
73 silly audit   'loose-envify': [ '1.4.0' ],
73 silly audit   'magic-string': [ '0.30.19' ],
73 silly audit   'math-intrinsics': [ '1.1.0' ],
73 silly audit   merge2: [ '1.4.1' ],
73 silly audit   micromatch: [ '4.0.8' ],
73 silly audit   minimist: [ '1.2.8' ],
73 silly audit   minipass: [ '7.1.2' ],
73 silly audit   minizlib: [ '3.1.0' ],
73 silly audit   ms: [ '2.1.3' ],
73 silly audit   nanoid: [ '3.3.11' ],
73 silly audit   'napi-postinstall': [ '0.3.4' ],
73 silly audit   'natural-compare': [ '1.4.0' ],
73 silly audit   postcss: [ '8.5.6', '8.4.31' ],
73 silly audit   'object-assign': [ '4.1.1' ],
73 silly audit   'object-inspect': [ '1.13.4' ],
73 silly audit   'object-keys': [ '1.1.1' ],
73 silly audit   'object.assign': [ '4.1.7' ],
73 silly audit   'object.entries': [ '1.1.9' ],
73 silly audit   'object.fromentries': [ '2.0.8' ],
73 silly audit   'object.groupby': [ '1.0.3' ],
73 silly audit   'object.values': [ '1.2.1' ],
73 silly audit   optionator: [ '0.9.4' ],
73 silly audit   'own-keys': [ '1.0.1' ],
73 silly audit   'p-limit': [ '3.1.0' ],
73 silly audit   'p-locate': [ '5.0.0' ],
73 silly audit   'parent-module': [ '1.0.1' ],
73 silly audit   'path-exists': [ '4.0.0' ],
73 silly audit   'path-key': [ '3.1.1' ],
73 silly audit   'path-parse': [ '1.0.7' ],
73 silly audit   picocolors: [ '1.1.1' ],
73 silly audit   picomatch: [ '2.3.1', '4.0.3' ],
73 silly audit   'possible-typed-array-names': [ '1.1.0' ],
73 silly audit   'prelude-ls': [ '1.2.1' ],
73 silly audit   'prop-types': [ '15.8.1' ],
73 silly audit   punycode: [ '2.3.1' ],
73 silly audit   'queue-microtask': [ '1.2.3' ],
73 silly audit   'react-is': [ '16.13.1' ],
73 silly audit   'reflect.getprototypeof': [ '1.0.10' ],
73 silly audit   'regexp.prototype.flags': [ '1.5.4' ],
73 silly audit   'resolve-from': [ '4.0.0' ],
73 silly audit   'resolve-pkg-maps': [ '1.0.0' ],
73 silly audit   reusify: [ '1.1.0' ],
73 silly audit   'run-parallel': [ '1.2.0' ],
73 silly audit   'safe-array-concat': [ '1.1.3' ],
73 silly audit   'safe-push-apply': [ '1.0.0' ],
73 silly audit   'safe-regex-test': [ '1.1.0' ],
73 silly audit   'set-function-length': [ '1.2.2' ],
73 silly audit   'set-function-name': [ '2.0.2' ],
73 silly audit   'set-proto': [ '1.0.0' ],
73 silly audit   sharp: [ '0.34.4' ],
73 silly audit   'shebang-command': [ '2.0.0' ],
73 silly audit   'shebang-regex': [ '3.0.0' ],
73 silly audit   'side-channel': [ '1.1.0' ],
73 silly audit   'side-channel-list': [ '1.0.0' ],
73 silly audit   'side-channel-map': [ '1.0.1' ],
73 silly audit   'side-channel-weakmap': [ '1.0.2' ],
73 silly audit   'source-map-js': [ '1.2.1' ],
73 silly audit   'stable-hash': [ '0.0.5' ],
73 silly audit   'stop-iteration-iterator': [ '1.1.0' ],
73 silly audit   'string.prototype.includes': [ '2.0.1' ],
73 silly audit   'string.prototype.matchall': [ '4.0.12' ],
73 silly audit   'string.prototype.repeat': [ '1.0.0' ],
73 silly audit   'string.prototype.trim': [ '1.2.10' ],
73 silly audit   'string.prototype.trimend': [ '1.0.9' ],
73 silly audit   'string.prototype.trimstart': [ '1.0.8' ],
73 silly audit   'strip-bom': [ '3.0.0' ],
73 silly audit   'strip-json-comments': [ '3.1.1' ],
73 silly audit   'styled-jsx': [ '5.1.6' ],
73 silly audit   'supports-color': [ '7.2.0' ],
73 silly audit   'supports-preserve-symlinks-flag': [ '1.0.0' ],
73 silly audit   tailwindcss: [ '4.1.14' ],
73 silly audit   tapable: [ '2.3.0' ],
73 silly audit   tar: [ '7.5.1' ],
73 silly audit   tinyglobby: [ '0.2.15' ],
73 silly audit   fdir: [ '6.5.0' ],
73 silly audit   'to-regex-range': [ '5.0.1' ],
73 silly audit   'ts-api-utils': [ '2.1.0' ],
73 silly audit   'tsconfig-paths': [ '3.15.0' ],
73 silly audit   tslib: [ '2.8.1' ],
73 silly audit   'type-check': [ '0.4.0' ],
73 silly audit   'typed-array-buffer': [ '1.0.3' ],
73 silly audit   'typed-array-byte-length': [ '1.0.3' ],
73 silly audit   'typed-array-byte-offset': [ '1.0.4' ],
73 silly audit   'typed-array-length': [ '1.0.7' ],
73 silly audit   'unbox-primitive': [ '1.1.0' ],
73 silly audit   'undici-types': [ '6.21.0' ],
73 silly audit   'unrs-resolver': [ '1.11.1' ],
73 silly audit   'uri-js': [ '4.4.1' ],
73 silly audit   which: [ '2.0.2' ],
73 silly audit   'which-boxed-primitive': [ '1.1.1' ],
73 silly audit   'which-builtin-type': [ '1.2.1' ],
73 silly audit   'which-collection': [ '1.0.2' ],
73 silly audit   'which-typed-array': [ '1.1.19' ],
73 silly audit   'word-wrap': [ '1.2.5' ],
73 silly audit   yallist: [ '5.0.0' ],
73 silly audit   'yocto-queue': [ '0.1.0' ],
73 silly audit   next: [ '15.5.4' ],
73 silly audit   react: [ '19.2.0' ],
73 silly audit   'react-dom': [ '19.2.0' ],
73 silly audit   typescript: [ '5.9.3' ],
73 silly audit   scheduler: [ '0.27.0' ],
73 silly audit   '@tailwindcss/oxide-wasm32-wasi': [ '4.1.14' ]
73 silly audit }
74 verbose reify failed optional dependency /home/orta/Documentos/GitHub/Calculadora de IVAs e ISRs/node_modules/lightningcss-win32-x64-msvc
75 silly reify mark deleted [
75 silly reify   '/home/orta/Documentos/GitHub/Calculadora de IVAs e ISRs/node_modules/lightningcss-win32-x64-msvc'
75 silly reify ]
76 verbose reify failed optional dependency /home/orta/Documentos/GitHub/Calculadora de IVAs e ISRs/node_modules/lightningcss-win32-arm64-msvc
77 silly reify mark deleted [
77 silly reify   '/home/orta/Documentos/GitHub/Calculadora de IVAs e ISRs/node_modules/lightningcss-win32-arm64-msvc'
77 silly reify ]
78 verbose reify failed optional dependency /home/orta/Documentos/GitHub/Calculadora de IVAs e ISRs/node_modules/lightningcss-linux-arm64-musl
79 silly reify mark deleted [
79 silly reify   '/home/orta/Documentos/GitHub/Calculadora de IVAs e ISRs/node_modules/lightningcss-linux-arm64-musl'
79 silly reify ]
80 verbose reify failed optional dependency /home/orta/Documentos/GitHub/Calculadora de IVAs e ISRs/node_modules/lightningcss-linux-arm64-gnu
81 silly reify mark deleted [
81 silly reify   '/home/orta/Documentos/GitHub/Calculadora de IVAs e ISRs/node_modules/lightningcss-linux-arm64-gnu'
81 silly reify ]
82 verbose reify failed optional dependency /home/orta/Documentos/GitHub/Calculadora de IVAs e ISRs/node_modules/lightningcss-linux-arm-gnueabihf
83 silly reify mark deleted [
83 silly reify   '/home/orta/Documentos/GitHub/Calculadora de IVAs e ISRs/node_modules/lightningcss-linux-arm-gnueabihf'
83 silly reify ]
84 verbose reify failed optional dependency /home/orta/Documentos/GitHub/Calculadora de IVAs e ISRs/node_modules/lightningcss-freebsd-x64
85 silly reify mark deleted [
85 silly reify   '/home/orta/Documentos/GitHub/Calculadora de IVAs e ISRs/node_modules/lightningcss-freebsd-x64'
85 silly reify ]
86 verbose reify failed optional dependency /home/orta/Documentos/GitHub/Calculadora de IVAs e ISRs/node_modules/lightningcss-darwin-x64
87 silly reify mark deleted [
87 silly reify   '/home/orta/Documentos/GitHub/Calculadora de IVAs e ISRs/node_modules/lightningcss-darwin-x64'
87 silly reify ]
88 verbose reify failed optional dependency /home/orta/Documentos/GitHub/Calculadora de IVAs e ISRs/node_modules/lightningcss-darwin-arm64
89 silly reify mark deleted [
89 silly reify   '/home/orta/Documentos/GitHub/Calculadora de IVAs e ISRs/node_modules/lightningcss-darwin-arm64'
89 silly reify ]
90 verbose reify failed optional dependency /home/orta/Documentos/GitHub/Calculadora de IVAs e ISRs/node_modules/@unrs/resolver-binding-win32-x64-msvc
91 silly reify mark deleted [
91 silly reify   '/home/orta/Documentos/GitHub/Calculadora de IVAs e ISRs/node_modules/@unrs/resolver-binding-win32-x64-msvc'
91 silly reify ]
92 verbose reify failed optional dependency /home/orta/Documentos/GitHub/Calculadora de IVAs e ISRs/node_modules/@unrs/resolver-binding-win32-ia32-msvc
93 silly reify mark deleted [
93 silly reify   '/home/orta/Documentos/GitHub/Calculadora de IVAs e ISRs/node_modules/@unrs/resolver-binding-win32-ia32-msvc'
93 silly reify ]
94 verbose reify failed optional dependency /home/orta/Documentos/GitHub/Calculadora de IVAs e ISRs/node_modules/@unrs/resolver-binding-win32-arm64-msvc
95 silly reify mark deleted [
95 silly reify   '/home/orta/Documentos/GitHub/Calculadora de IVAs e ISRs/node_modules/@unrs/resolver-binding-win32-arm64-msvc'
95 silly reify ]
96 verbose reify failed optional dependency /home/orta/Documentos/GitHub/Calculadora de IVAs e ISRs/node_modules/@unrs/resolver-binding-wasm32-wasi
97 silly reify mark deleted [
97 silly reify   '/home/orta/Documentos/GitHub/Calculadora de IVAs e ISRs/node_modules/@unrs/resolver-binding-wasm32-wasi'
97 silly reify ]
98 verbose reify failed optional dependency /home/orta/Documentos/GitHub/Calculadora de IVAs e ISRs/node_modules/@unrs/resolver-binding-linux-s390x-gnu
99 silly reify mark deleted [
99 silly reify   '/home/orta/Documentos/GitHub/Calculadora de IVAs e ISRs/node_modules/@unrs/resolver-binding-linux-s390x-gnu'
99 silly reify ]
100 verbose reify failed optional dependency /home/orta/Documentos/GitHub/Calculadora de IVAs e ISRs/node_modules/@unrs/resolver-binding-linux-riscv64-musl
101 silly reify mark deleted [
101 silly reify   '/home/orta/Documentos/GitHub/Calculadora de IVAs e ISRs/node_modules/@unrs/resolver-binding-linux-riscv64-musl'
101 silly reify ]
102 verbose reify failed optional dependency /home/orta/Documentos/GitHub/Calculadora de IVAs e ISRs/node_modules/@unrs/resolver-binding-linux-riscv64-gnu
103 silly reify mark deleted [
103 silly reify   '/home/orta/Documentos/GitHub/Calculadora de IVAs e ISRs/node_modules/@unrs/resolver-binding-linux-riscv64-gnu'
103 silly reify ]
104 verbose reify failed optional dependency /home/orta/Documentos/GitHub/Calculadora de IVAs e ISRs/node_modules/@unrs/resolver-binding-linux-ppc64-gnu
105 silly reify mark deleted [
105 silly reify   '/home/orta/Documentos/GitHub/Calculadora de IVAs e ISRs/node_modules/@unrs/resolver-binding-linux-ppc64-gnu'
105 silly reify ]
106 verbose reify failed optional dependency /home/orta/Documentos/GitHub/Calculadora de IVAs e ISRs/node_modules/@unrs/resolver-binding-linux-arm64-musl
107 silly reify mark deleted [
107 silly reify   '/home/orta/Documentos/GitHub/Calculadora de IVAs e ISRs/node_modules/@unrs/resolver-binding-linux-arm64-musl'
107 silly reify ]
108 verbose reify failed optional dependency /home/orta/Documentos/GitHub/Calculadora de IVAs e ISRs/node_modules/@unrs/resolver-binding-linux-arm64-gnu
109 silly reify mark deleted [
109 silly reify   '/home/orta/Documentos/GitHub/Calculadora de IVAs e ISRs/node_modules/@unrs/resolver-binding-linux-arm64-gnu'
109 silly reify ]
110 verbose reify failed optional dependency /home/orta/Documentos/GitHub/Calculadora de IVAs e ISRs/node_modules/@unrs/resolver-binding-linux-arm-musleabihf
111 silly reify mark deleted [
111 silly reify   '/home/orta/Documentos/GitHub/Calculadora de IVAs e ISRs/node_modules/@unrs/resolver-binding-linux-arm-musleabihf'
111 silly reify ]
112 verbose reify failed optional dependency /home/orta/Documentos/GitHub/Calculadora de IVAs e ISRs/node_modules/@unrs/resolver-binding-linux-arm-gnueabihf
113 silly reify mark deleted [
113 silly reify   '/home/orta/Documentos/GitHub/Calculadora de IVAs e ISRs/node_modules/@unrs/resolver-binding-linux-arm-gnueabihf'
113 silly reify ]
114 verbose reify failed optional dependency /home/orta/Documentos/GitHub/Calculadora de IVAs e ISRs/node_modules/@unrs/resolver-binding-freebsd-x64
115 silly reify mark deleted [
115 silly reify   '/home/orta/Documentos/GitHub/Calculadora de IVAs e ISRs/node_modules/@unrs/resolver-binding-freebsd-x64'
115 silly reify ]
116 verbose reify failed optional dependency /home/orta/Documentos/GitHub/Calculadora de IVAs e ISRs/node_modules/@unrs/resolver-binding-darwin-x64
117 silly reify mark deleted [
117 silly reify   '/home/orta/Documentos/GitHub/Calculadora de IVAs e ISRs/node_modules/@unrs/resolver-binding-darwin-x64'
117 silly reify ]
118 verbose reify failed optional dependency /home/orta/Documentos/GitHub/Calculadora de IVAs e ISRs/node_modules/@unrs/resolver-binding-darwin-arm64
119 silly reify mark deleted [
119 silly reify   '/home/orta/Documentos/GitHub/Calculadora de IVAs e ISRs/node_modules/@unrs/resolver-binding-darwin-arm64'
119 silly reify ]
120 verbose reify failed optional dependency /home/orta/Documentos/GitHub/Calculadora de IVAs e ISRs/node_modules/@unrs/resolver-binding-android-arm64
121 silly reify mark deleted [
121 silly reify   '/home/orta/Documentos/GitHub/Calculadora de IVAs e ISRs/node_modules/@unrs/resolver-binding-android-arm64'
121 silly reify ]
122 verbose reify failed optional dependency /home/orta/Documentos/GitHub/Calculadora de IVAs e ISRs/node_modules/@unrs/resolver-binding-android-arm-eabi
123 silly reify mark deleted [
123 silly reify   '/home/orta/Documentos/GitHub/Calculadora de IVAs e ISRs/node_modules/@unrs/resolver-binding-android-arm-eabi'
123 silly reify ]
124 verbose reify failed optional dependency /home/orta/Documentos/GitHub/Calculadora de IVAs e ISRs/node_modules/@tailwindcss/oxide-win32-x64-msvc
125 silly reify mark deleted [
125 silly reify   '/home/orta/Documentos/GitHub/Calculadora de IVAs e ISRs/node_modules/@tailwindcss/oxide-win32-x64-msvc'
125 silly reify ]
126 verbose reify failed optional dependency /home/orta/Documentos/GitHub/Calculadora de IVAs e ISRs/node_modules/@tailwindcss/oxide-win32-arm64-msvc
127 silly reify mark deleted [
127 silly reify   '/home/orta/Documentos/GitHub/Calculadora de IVAs e ISRs/node_modules/@tailwindcss/oxide-win32-arm64-msvc'
127 silly reify ]
128 verbose reify failed optional dependency /home/orta/Documentos/GitHub/Calculadora de IVAs e ISRs/node_modules/@tailwindcss/oxide-linux-arm64-musl
129 silly reify mark deleted [
129 silly reify   '/home/orta/Documentos/GitHub/Calculadora de IVAs e ISRs/node_modules/@tailwindcss/oxide-linux-arm64-musl'
129 silly reify ]
130 verbose reify failed optional dependency /home/orta/Documentos/GitHub/Calculadora de IVAs e ISRs/node_modules/@tailwindcss/oxide-linux-arm64-gnu
131 silly reify mark deleted [
131 silly reify   '/home/orta/Documentos/GitHub/Calculadora de IVAs e ISRs/node_modules/@tailwindcss/oxide-linux-arm64-gnu'
131 silly reify ]
132 verbose reify failed optional dependency /home/orta/Documentos/GitHub/Calculadora de IVAs e ISRs/node_modules/@tailwindcss/oxide-linux-arm-gnueabihf
133 silly reify mark deleted [
133 silly reify   '/home/orta/Documentos/GitHub/Calculadora de IVAs e ISRs/node_modules/@tailwindcss/oxide-linux-arm-gnueabihf'
133 silly reify ]
134 verbose reify failed optional dependency /home/orta/Documentos/GitHub/Calculadora de IVAs e ISRs/node_modules/@tailwindcss/oxide-freebsd-x64
135 silly reify mark deleted [
135 silly reify   '/home/orta/Documentos/GitHub/Calculadora de IVAs e ISRs/node_modules/@tailwindcss/oxide-freebsd-x64'
135 silly reify ]
136 verbose reify failed optional dependency /home/orta/Documentos/GitHub/Calculadora de IVAs e ISRs/node_modules/@tailwindcss/oxide-darwin-x64
137 silly reify mark deleted [
137 silly reify   '/home/orta/Documentos/GitHub/Calculadora de IVAs e ISRs/node_modules/@tailwindcss/oxide-darwin-x64'
137 silly reify ]
138 verbose reify failed optional dependency /home/orta/Documentos/GitHub/Calculadora de IVAs e ISRs/node_modules/@tailwindcss/oxide-darwin-arm64
139 silly reify mark deleted [
139 silly reify   '/home/orta/Documentos/GitHub/Calculadora de IVAs e ISRs/node_modules/@tailwindcss/oxide-darwin-arm64'
139 silly reify ]
140 verbose reify failed optional dependency /home/orta/Documentos/GitHub/Calculadora de IVAs e ISRs/node_modules/@tailwindcss/oxide-android-arm64
141 silly reify mark deleted [
141 silly reify   '/home/orta/Documentos/GitHub/Calculadora de IVAs e ISRs/node_modules/@tailwindcss/oxide-android-arm64'
141 silly reify ]
142 verbose reify failed optional dependency /home/orta/Documentos/GitHub/Calculadora de IVAs e ISRs/node_modules/@next/swc-win32-x64-msvc
143 silly reify mark deleted [
143 silly reify   '/home/orta/Documentos/GitHub/Calculadora de IVAs e ISRs/node_modules/@next/swc-win32-x64-msvc'
143 silly reify ]
144 verbose reify failed optional dependency /home/orta/Documentos/GitHub/Calculadora de IVAs e ISRs/node_modules/@next/swc-win32-arm64-msvc
145 silly reify mark deleted [
145 silly reify   '/home/orta/Documentos/GitHub/Calculadora de IVAs e ISRs/node_modules/@next/swc-win32-arm64-msvc'
145 silly reify ]
146 verbose reify failed optional dependency /home/orta/Documentos/GitHub/Calculadora de IVAs e ISRs/node_modules/@next/swc-linux-arm64-musl
147 silly reify mark deleted [
147 silly reify   '/home/orta/Documentos/GitHub/Calculadora de IVAs e ISRs/node_modules/@next/swc-linux-arm64-musl'
147 silly reify ]
148 verbose reify failed optional dependency /home/orta/Documentos/GitHub/Calculadora de IVAs e ISRs/node_modules/@next/swc-linux-arm64-gnu
149 silly reify mark deleted [
149 silly reify   '/home/orta/Documentos/GitHub/Calculadora de IVAs e ISRs/node_modules/@next/swc-linux-arm64-gnu'
149 silly reify ]
150 verbose reify failed optional dependency /home/orta/Documentos/GitHub/Calculadora de IVAs e ISRs/node_modules/@next/swc-darwin-x64
151 silly reify mark deleted [
151 silly reify   '/home/orta/Documentos/GitHub/Calculadora de IVAs e ISRs/node_modules/@next/swc-darwin-x64'
151 silly reify ]
152 verbose reify failed optional dependency /home/orta/Documentos/GitHub/Calculadora de IVAs e ISRs/node_modules/@next/swc-darwin-arm64
153 silly reify mark deleted [
153 silly reify   '/home/orta/Documentos/GitHub/Calculadora de IVAs e ISRs/node_modules/@next/swc-darwin-arm64'
153 silly reify ]
154 verbose reify failed optional dependency /home/orta/Documentos/GitHub/Calculadora de IVAs e ISRs/node_modules/@img/sharp-win32-x64
155 silly reify mark deleted [
155 silly reify   '/home/orta/Documentos/GitHub/Calculadora de IVAs e ISRs/node_modules/@img/sharp-win32-x64'
155 silly reify ]
156 verbose reify failed optional dependency /home/orta/Documentos/GitHub/Calculadora de IVAs e ISRs/node_modules/@img/sharp-win32-ia32
157 silly reify mark deleted [
157 silly reify   '/home/orta/Documentos/GitHub/Calculadora de IVAs e ISRs/node_modules/@img/sharp-win32-ia32'
157 silly reify ]
158 verbose reify failed optional dependency /home/orta/Documentos/GitHub/Calculadora de IVAs e ISRs/node_modules/@img/sharp-win32-arm64
159 silly reify mark deleted [
159 silly reify   '/home/orta/Documentos/GitHub/Calculadora de IVAs e ISRs/node_modules/@img/sharp-win32-arm64'
159 silly reify ]
160 verbose reify failed optional dependency /home/orta/Documentos/GitHub/Calculadora de IVAs e ISRs/node_modules/@img/sharp-wasm32
161 silly reify mark deleted [
161 silly reify   '/home/orta/Documentos/GitHub/Calculadora de IVAs e ISRs/node_modules/@img/sharp-wasm32'
161 silly reify ]
162 verbose reify failed optional dependency /home/orta/Documentos/GitHub/Calculadora de IVAs e ISRs/node_modules/@img/sharp-linuxmusl-arm64
163 silly reify mark deleted [
163 silly reify   '/home/orta/Documentos/GitHub/Calculadora de IVAs e ISRs/node_modules/@img/sharp-linuxmusl-arm64'
163 silly reify ]
164 verbose reify failed optional dependency /home/orta/Documentos/GitHub/Calculadora de IVAs e ISRs/node_modules/@img/sharp-linux-s390x
165 silly reify mark deleted [
165 silly reify   '/home/orta/Documentos/GitHub/Calculadora de IVAs e ISRs/node_modules/@img/sharp-linux-s390x'
165 silly reify ]
166 verbose reify failed optional dependency /home/orta/Documentos/GitHub/Calculadora de IVAs e ISRs/node_modules/@img/sharp-linux-ppc64
167 silly reify mark deleted [
167 silly reify   '/home/orta/Documentos/GitHub/Calculadora de IVAs e ISRs/node_modules/@img/sharp-linux-ppc64'
167 silly reify ]
168 verbose reify failed optional dependency /home/orta/Documentos/GitHub/Calculadora de IVAs e ISRs/node_modules/@img/sharp-linux-arm64
169 silly reify mark deleted [
169 silly reify   '/home/orta/Documentos/GitHub/Calculadora de IVAs e ISRs/node_modules/@img/sharp-linux-arm64'
169 silly reify ]
170 verbose reify failed optional dependency /home/orta/Documentos/GitHub/Calculadora de IVAs e ISRs/node_modules/@img/sharp-linux-arm
171 silly reify mark deleted [
171 silly reify   '/home/orta/Documentos/GitHub/Calculadora de IVAs e ISRs/node_modules/@img/sharp-linux-arm'
171 silly reify ]
172 verbose reify failed optional dependency /home/orta/Documentos/GitHub/Calculadora de IVAs e ISRs/node_modules/@img/sharp-libvips-linuxmusl-arm64
173 silly reify mark deleted [
173 silly reify   '/home/orta/Documentos/GitHub/Calculadora de IVAs e ISRs/node_modules/@img/sharp-libvips-linuxmusl-arm64'
173 silly reify ]
174 verbose reify failed optional dependency /home/orta/Documentos/GitHub/Calculadora de IVAs e ISRs/node_modules/@img/sharp-libvips-linux-s390x
175 silly reify mark deleted [
175 silly reify   '/home/orta/Documentos/GitHub/Calculadora de IVAs e ISRs/node_modules/@img/sharp-libvips-linux-s390x'
175 silly reify ]
176 verbose reify failed optional dependency /home/orta/Documentos/GitHub/Calculadora de IVAs e ISRs/node_modules/@img/sharp-libvips-linux-ppc64
177 silly reify mark deleted [
177 silly reify   '/home/orta/Documentos/GitHub/Calculadora de IVAs e ISRs/node_modules/@img/sharp-libvips-linux-ppc64'
177 silly reify ]
178 verbose reify failed optional dependency /home/orta/Documentos/GitHub/Calculadora de IVAs e ISRs/node_modules/@img/sharp-libvips-linux-arm64
179 silly reify mark deleted [
179 silly reify   '/home/orta/Documentos/GitHub/Calculadora de IVAs e ISRs/node_modules/@img/sharp-libvips-linux-arm64'
179 silly reify ]
180 verbose reify failed optional dependency /home/orta/Documentos/GitHub/Calculadora de IVAs e ISRs/node_modules/@img/sharp-libvips-linux-arm
181 silly reify mark deleted [
181 silly reify   '/home/orta/Documentos/GitHub/Calculadora de IVAs e ISRs/node_modules/@img/sharp-libvips-linux-arm'
181 silly reify ]
182 verbose reify failed optional dependency /home/orta/Documentos/GitHub/Calculadora de IVAs e ISRs/node_modules/@img/sharp-libvips-darwin-x64
183 silly reify mark deleted [
183 silly reify   '/home/orta/Documentos/GitHub/Calculadora de IVAs e ISRs/node_modules/@img/sharp-libvips-darwin-x64'
183 silly reify ]
184 verbose reify failed optional dependency /home/orta/Documentos/GitHub/Calculadora de IVAs e ISRs/node_modules/@img/sharp-libvips-darwin-arm64
185 silly reify mark deleted [
185 silly reify   '/home/orta/Documentos/GitHub/Calculadora de IVAs e ISRs/node_modules/@img/sharp-libvips-darwin-arm64'
185 silly reify ]
186 verbose reify failed optional dependency /home/orta/Documentos/GitHub/Calculadora de IVAs e ISRs/node_modules/@img/sharp-darwin-x64
187 silly reify mark deleted [
187 silly reify   '/home/orta/Documentos/GitHub/Calculadora de IVAs e ISRs/node_modules/@img/sharp-darwin-x64'
187 silly reify ]
188 verbose reify failed optional dependency /home/orta/Documentos/GitHub/Calculadora de IVAs e ISRs/node_modules/@img/sharp-darwin-arm64
189 silly reify mark deleted [
189 silly reify   '/home/orta/Documentos/GitHub/Calculadora de IVAs e ISRs/node_modules/@img/sharp-darwin-arm64'
189 silly reify ]
190 silly tarball no local data for lightningcss-linux-x64-musl@https://registry.npmjs.org/lightningcss-linux-x64-musl/-/lightningcss-linux-x64-musl-1.30.1.tgz. Extracting by manifest.
191 silly tarball no local data for @unrs/resolver-binding-linux-x64-musl@https://registry.npmjs.org/@unrs/resolver-binding-linux-x64-musl/-/resolver-binding-linux-x64-musl-1.11.1.tgz. Extracting by manifest.
192 silly tarball no local data for @tailwindcss/oxide-linux-x64-musl@https://registry.npmjs.org/@tailwindcss/oxide-linux-x64-musl/-/oxide-linux-x64-musl-4.1.14.tgz. Extracting by manifest.
193 silly tarball no local data for @img/sharp-linuxmusl-x64@https://registry.npmjs.org/@img/sharp-linuxmusl-x64/-/sharp-linuxmusl-x64-0.34.4.tgz. Extracting by manifest.
194 silly tarball no local data for @img/sharp-libvips-linuxmusl-x64@https://registry.npmjs.org/@img/sharp-libvips-linuxmusl-x64/-/sharp-libvips-linuxmusl-x64-1.2.3.tgz. Extracting by manifest.
195 silly tarball no local data for scheduler@https://registry.npmjs.org/scheduler/-/scheduler-0.27.0.tgz. Extracting by manifest.
196 silly tarball no local data for @next/swc-linux-x64-musl@https://registry.npmjs.org/@next/swc-linux-x64-musl/-/swc-linux-x64-musl-15.5.4.tgz. Extracting by manifest.
197 silly tarball no local data for react-dom@https://registry.npmjs.org/react-dom/-/react-dom-19.2.0.tgz. Extracting by manifest.
198 silly tarball no local data for react@https://registry.npmjs.org/react/-/react-19.2.0.tgz. Extracting by manifest.
199 http fetch GET 200 https://registry.npmjs.org/scheduler/-/scheduler-0.27.0.tgz 123ms (cache miss)
200 http fetch POST 200 https://registry.npmjs.org/-/npm/v1/security/advisories/bulk 144ms
201 silly audit report {}
202 http fetch GET 200 https://registry.npmjs.org/react/-/react-19.2.0.tgz 170ms (cache miss)
203 http fetch GET 200 https://registry.npmjs.org/@tailwindcss/oxide-linux-x64-musl/-/oxide-linux-x64-musl-4.1.14.tgz 658ms (cache miss)
204 http fetch GET 200 https://registry.npmjs.org/react-dom/-/react-dom-19.2.0.tgz 789ms (cache miss)
205 http fetch GET 200 https://registry.npmjs.org/@unrs/resolver-binding-linux-x64-musl/-/resolver-binding-linux-x64-musl-1.11.1.tgz 854ms (cache miss)
206 http fetch GET 200 https://registry.npmjs.org/lightningcss-linux-x64-musl/-/lightningcss-linux-x64-musl-1.30.1.tgz 923ms (cache miss)
207 http fetch GET 200 https://registry.npmjs.org/@img/sharp-linuxmusl-x64/-/sharp-linuxmusl-x64-0.34.4.tgz 958ms (cache miss)
208 http fetch GET 200 https://registry.npmjs.org/@img/sharp-libvips-linuxmusl-x64/-/sharp-libvips-linuxmusl-x64-1.2.3.tgz 1346ms (cache miss)
209 http fetch GET 200 https://registry.npmjs.org/@next/swc-linux-x64-musl/-/swc-linux-x64-musl-15.5.4.tgz 5109ms (cache miss)
210 silly ADD
211 silly ADD
212 silly ADD node_modules/lightningcss-linux-x64-musl
213 silly ADD
214 silly ADD
215 silly ADD
216 silly ADD
217 silly ADD
218 silly ADD
219 silly ADD
220 silly ADD
221 silly ADD
222 silly ADD
223 silly ADD node_modules/@unrs/resolver-binding-linux-x64-musl
224 silly ADD
225 silly ADD
226 silly ADD
227 silly ADD
228 silly ADD
229 silly ADD
230 silly ADD
231 silly ADD
232 silly ADD
233 silly ADD
234 silly ADD
235 silly ADD
236 silly ADD
237 silly ADD
238 silly ADD
239 silly ADD
240 silly ADD node_modules/@tailwindcss/oxide-linux-x64-musl
241 silly ADD
242 silly ADD
243 silly ADD
244 silly ADD
245 silly ADD
246 silly ADD
247 silly ADD
248 silly ADD
249 silly ADD
250 silly ADD node_modules/@next/swc-linux-x64-musl
251 silly ADD
252 silly ADD
253 silly ADD
254 silly ADD
255 silly ADD
256 silly ADD
257 silly ADD
258 silly ADD
259 silly ADD node_modules/@img/sharp-linuxmusl-x64
260 silly ADD
261 silly ADD
262 silly ADD
263 silly ADD
264 silly ADD
265 silly ADD node_modules/@img/sharp-libvips-linuxmusl-x64
266 silly ADD
267 silly ADD
268 silly ADD
269 silly ADD
270 silly ADD
271 silly ADD
272 silly ADD
273 silly ADD
274 silly ADD
275 silly CHANGE node_modules/scheduler
276 silly CHANGE node_modules/react-dom
277 silly CHANGE node_modules/react
278 verbose cwd /home/orta/Documentos/GitHub/Calculadora de IVAs e ISRs
279 verbose os Linux 6.12.51
280 verbose node v20.19.5
281 verbose npm  v10.8.2
282 verbose exit 0
283 info ok
